ssd1306.c:8:6:ssd1306_Reset	0	static
ssd1306.c:13:6:ssd1306_WriteCommand	32	static
ssd1306.c:18:6:ssd1306_WriteData	24	static
ssd1306.c:63:17:ssd1306_FillBuffer	8	static
ssd1306.c:175:6:ssd1306_Fill	0	static
ssd1306.c:185:6:ssd1306_UpdateScreen	16	static
ssd1306.c:205:6:ssd1306_DrawPixel	16	static
ssd1306.c:224:6:ssd1306_WriteChar	56	static
ssd1306.c:259:6:ssd1306_WriteString	24	static
ssd1306.c:276:6:ssd1306_SetCursor	0	static
ssd1306.c:283:6:ssd1306_SetContrast	8	static
ssd1306.c:289:6:ssd1306_SetDisplayOn	8	static
ssd1306.c:73:6:ssd1306_Init	8	static
ssd1306.c:301:9:ssd1306_GetDisplayOn	0	static
